// Jest Snapshot v1, https://goo.gl/fbAQLP

exports[`extension functions configuration detected from environment variables 1`] = `
Object {
  "defaultFrom": undefined,
  "defaultReplyTo": undefined,
  "location": undefined,
  "mailCollection": undefined,
  "smtpConnectionUri": undefined,
  "templatesCollection": undefined,
  "usersCollection": undefined,
}
`;
