// Jest Snapshot v1, https://goo.gl/fbAQLP

exports[`extension functions configuration detected from environment variables 1`] = `
Object {
  "location": "europe-west2",
  "maxCount": 2,
  "nodePath": "test_path",
}
`;
